Run npm ci
npm error code EUSAGE
npm error
npm error `npm ci` can only install packages when your package.json and package-lock.json or npm-shrinkwrap.json are in sync. Please update your lock file with `npm install` before continuing.
npm error
npm error Missing: @emnapi/runtime@1.11.2 from lock file
npm error Missing: @emnapi/core@1.11.2 from lock file
npm error Invalid: lock file's @emnapi/wasi-threads@1.2.1 does not satisfy @emnapi/wasi-threads@1.2.2
npm error Missing: @emnapi/core@1.10.0 from lock file
npm error Missing: @emnapi/wasi-threads@1.2.1 from lock file
npm error
npm error Clean install a project
npm error
npm error Usage:
npm error npm ci
npm error
npm error Options:
npm error [--install-strategy <hoisted|nested|shallow|linked>] [--legacy-bundling]
npm error [--global-style] [--omit <dev|optional|peer> [--omit <dev|optional|peer> ...]]
npm error [--include <prod|dev|optional|peer> [--include <prod|dev|optional|peer> ...]]
npm error [--strict-peer-deps] [--foreground-scripts] [--ignore-scripts] [--no-audit]
npm error [--no-bin-links] [--no-fund] [--dry-run]
npm error [-w|--workspace <workspace-name> [-w|--workspace <workspace-name> ...]]
npm error [-ws|--workspaces] [--include-workspace-root] [--install-links]
npm error
npm error aliases: clean-install, ic, install-clean, isntall-clean
npm error
npm error Run "npm help ci" for more info
npm error A complete log of this run can be found in: /home/runner/.npm/_logs/2026-07-16T08_09_30_433Z-debug-0.log
Error: Process completed with exit code 1.